Archive member included to satisfy reference by file (symbol)

c:/st/stm32cubeide_1.6.1/stm32cubeide/plugins/com.st.stm32cube.ide.mcu.externaltools.gnu-tools-for-stm32.9-2020-q2-update.win32_1.5.0.202011040924/tools/bin/../lib/gcc/arm-none-eabi/9.3.1/../../../../arm-none-eabi/lib/thumb/v7e-m+fp/hard\libc_nano.a(lib_a-exit.o)
                              c:/st/stm32cubeide_1.6.1/stm32cubeide/plugins/com.st.stm32cube.ide.mcu.externaltools.gnu-tools-for-stm32.9-2020-q2-update.win32_1.5.0.202011040924/tools/bin/../lib/gcc/arm-none-eabi/9.3.1/../../../../arm-none-eabi/lib/thumb/v7e-m+fp/hard/crt0.o (exit)
c:/st/stm32cubeide_1.6.1/stm32cubeide/plugins/com.st.stm32cube.ide.mcu.externaltools.gnu-tools-for-stm32.9-2020-q2-update.win32_1.5.0.202011040924/tools/bin/../lib/gcc/arm-none-eabi/9.3.1/../../../../arm-none-eabi/lib/thumb/v7e-m+fp/hard\libc_nano.a(lib_a-impure.o)
                              c:/st/stm32cubeide_1.6.1/stm32cubeide/plugins/com.st.stm32cube.ide.mcu.externaltools.gnu-tools-for-stm32.9-2020-q2-update.win32_1.5.0.202011040924/tools/bin/../lib/gcc/arm-none-eabi/9.3.1/../../../../arm-none-eabi/lib/thumb/v7e-m+fp/hard\libc_nano.a(lib_a-exit.o) (_global_impure_ptr)
c:/st/stm32cubeide_1.6.1/stm32cubeide/plugins/com.st.stm32cube.ide.mcu.externaltools.gnu-tools-for-stm32.9-2020-q2-update.win32_1.5.0.202011040924/tools/bin/../lib/gcc/arm-none-eabi/9.3.1/../../../../arm-none-eabi/lib/thumb/v7e-m+fp/hard\libc_nano.a(lib_a-init.o)
                              c:/st/stm32cubeide_1.6.1/stm32cubeide/plugins/com.st.stm32cube.ide.mcu.externaltools.gnu-tools-for-stm32.9-2020-q2-update.win32_1.5.0.202011040924/tools/bin/../lib/gcc/arm-none-eabi/9.3.1/../../../../arm-none-eabi/lib/thumb/v7e-m+fp/hard/crt0.o (__libc_init_array)
c:/st/stm32cubeide_1.6.1/stm32cubeide/plugins/com.st.stm32cube.ide.mcu.externaltools.gnu-tools-for-stm32.9-2020-q2-update.win32_1.5.0.202011040924/tools/bin/../lib/gcc/arm-none-eabi/9.3.1/../../../../arm-none-eabi/lib/thumb/v7e-m+fp/hard\libc_nano.a(lib_a-memset.o)
                              c:/st/stm32cubeide_1.6.1/stm32cubeide/plugins/com.st.stm32cube.ide.mcu.externaltools.gnu-tools-for-stm32.9-2020-q2-update.win32_1.5.0.202011040924/tools/bin/../lib/gcc/arm-none-eabi/9.3.1/../../../../arm-none-eabi/lib/thumb/v7e-m+fp/hard/crt0.o (memset)
c:/st/stm32cubeide_1.6.1/stm32cubeide/plugins/com.st.stm32cube.ide.mcu.externaltools.gnu-tools-for-stm32.9-2020-q2-update.win32_1.5.0.202011040924/tools/bin/../lib/gcc/arm-none-eabi/9.3.1/thumb/v7e-m+fp/hard\libgcc.a(_aeabi_uldivmod.o)
                              Drivers/STM32F4xx_HAL_Driver/Src/stm32f4xx_hal_rcc.o (__aeabi_uldivmod)
c:/st/stm32cubeide_1.6.1/stm32cubeide/plugins/com.st.stm32cube.ide.mcu.externaltools.gnu-tools-for-stm32.9-2020-q2-update.win32_1.5.0.202011040924/tools/bin/../lib/gcc/arm-none-eabi/9.3.1/thumb/v7e-m+fp/hard\libgcc.a(_udivmoddi4.o)
                              c:/st/stm32cubeide_1.6.1/stm32cubeide/plugins/com.st.stm32cube.ide.mcu.externaltools.gnu-tools-for-stm32.9-2020-q2-update.win32_1.5.0.202011040924/tools/bin/../lib/gcc/arm-none-eabi/9.3.1/thumb/v7e-m+fp/hard\libgcc.a(_aeabi_uldivmod.o) (__udivmoddi4)
c:/st/stm32cubeide_1.6.1/stm32cubeide/plugins/com.st.stm32cube.ide.mcu.externaltools.gnu-tools-for-stm32.9-2020-q2-update.win32_1.5.0.202011040924/tools/bin/../lib/gcc/arm-none-eabi/9.3.1/thumb/v7e-m+fp/hard\libgcc.a(_dvmd_tls.o)
                              c:/st/stm32cubeide_1.6.1/stm32cubeide/plugins/com.st.stm32cube.ide.mcu.externaltools.gnu-tools-for-stm32.9-2020-q2-update.win32_1.5.0.202011040924/tools/bin/../lib/gcc/arm-none-eabi/9.3.1/thumb/v7e-m+fp/hard\libgcc.a(_aeabi_uldivmod.o) (__aeabi_ldiv0)
c:/st/stm32cubeide_1.6.1/stm32cubeide/plugins/com.st.stm32cube.ide.mcu.externaltools.gnu-tools-for-stm32.9-2020-q2-update.win32_1.5.0.202011040924/tools/bin/../lib/gcc/arm-none-eabi/9.3.1/../../../../arm-none-eabi/lib/thumb/v7e-m+fp/hard\libnosys.a(_exit.o)
                              c:/st/stm32cubeide_1.6.1/stm32cubeide/plugins/com.st.stm32cube.ide.mcu.externaltools.gnu-tools-for-stm32.9-2020-q2-update.win32_1.5.0.202011040924/tools/bin/../lib/gcc/arm-none-eabi/9.3.1/../../../../arm-none-eabi/lib/thumb/v7e-m+fp/hard\libc_nano.a(lib_a-exit.o) (_exit)

Allocating common symbols
Common symbol       size              file

htim4               0x3c              Src/tim.o
AN                  0x2               Drivers/STM32F4xx_HAL_Driver/Src/stm32f4xx_hal.o
uwTick              0x4               Drivers/STM32F4xx_HAL_Driver/Src/stm32f4xx_hal.o
pFlash              0x20              Drivers/STM32F4xx_HAL_Driver/Src/stm32f4xx_hal_flash.o
htim5               0x3c              Src/tim.o
hspi3               0x58              Src/spi.o
hcan2               0x28              Src/can.o
AN_counter          0x4               Src/main.o
hspi1               0x58              Src/spi.o
htim2               0x3c              Src/tim.o
hcan1               0x28              Src/can.o
htim14              0x3c              Src/tim.o

[...]
Memory Configuration

Name             Origin             Length             Attributes
RAM              0x0000000020000000 0x0000000000020000 xrw
FLASH            0x0000000008000000 0x0000000000080000 xr
*default*        0x0000000000000000 0xffffffffffffffff

Linker script and memory map

LOAD c:/st/stm32cubeide_1.6.1/stm32cubeide/plugins/com.st.stm32cube.ide.mcu.externaltools.gnu-tools-for-stm32.9-2020-q2-update.win32_1.5.0.202011040924/tools/bin/../lib/gcc/arm-none-eabi/9.3.1/thumb/v7e-m+fp/hard/crti.o
LOAD c:/st/stm32cubeide_1.6.1/stm32cubeide/plugins/com.st.stm32cube.ide.mcu.externaltools.gnu-tools-for-stm32.9-2020-q2-update.win32_1.5.0.202011040924/tools/bin/../lib/gcc/arm-none-eabi/9.3.1/thumb/v7e-m+fp/hard/crtbegin.o
LOAD c:/st/stm32cubeide_1.6.1/stm32cubeide/plugins/com.st.stm32cube.ide.mcu.externaltools.gnu-tools-for-stm32.9-2020-q2-update.win32_1.5.0.202011040924/tools/bin/../lib/gcc/arm-none-eabi/9.3.1/../../../../arm-none-eabi/lib/thumb/v7e-m+fp/hard/crt0.o
LOAD Drivers/STM32F4xx_HAL_Driver/Src/stm32f4xx_hal.o
LOAD Drivers/STM32F4xx_HAL_Driver/Src/stm32f4xx_hal_can.o
LOAD Drivers/STM32F4xx_HAL_Driver/Src/stm32f4xx_hal_cortex.o
LOAD Drivers/STM32F4xx_HAL_Driver/Src/stm32f4xx_hal_dma.o
LOAD Drivers/STM32F4xx_HAL_Driver/Src/stm32f4xx_hal_dma_ex.o
LOAD Drivers/STM32F4xx_HAL_Driver/Src/stm32f4xx_hal_flash.o
LOAD Drivers/STM32F4xx_HAL_Driver/Src/stm32f4xx_hal_flash_ex.o
LOAD Drivers/STM32F4xx_HAL_Driver/Src/stm32f4xx_hal_flash_ramfunc.o
LOAD Drivers/STM32F4xx_HAL_Driver/Src/stm32f4xx_hal_gpio.o
LOAD Drivers/STM32F4xx_HAL_Driver/Src/stm32f4xx_hal_pwr.o
LOAD Drivers/STM32F4xx_HAL_Driver/Src/stm32f4xx_hal_pwr_ex.o
LOAD Drivers/STM32F4xx_HAL_Driver/Src/stm32f4xx_hal_rcc.o
LOAD Drivers/STM32F4xx_HAL_Driver/Src/stm32f4xx_hal_rcc_ex.o
LOAD Drivers/STM32F4xx_HAL_Driver/Src/stm32f4xx_hal_spi.o
LOAD Drivers/STM32F4xx_HAL_Driver/Src/stm32f4xx_hal_tim.o
LOAD Drivers/STM32F4xx_HAL_Driver/Src/stm32f4xx_hal_tim_ex.o
LOAD Src/can.o
LOAD Src/filter.o
LOAD Src/gpio.o
LOAD Src/main.o
LOAD Src/spi.o
LOAD Src/stm32f4xx_hal_msp.o
LOAD Src/stm32f4xx_it.o
LOAD Src/system_stm32f4xx.o
LOAD Src/tim.o
LOAD startup/startup_stm32f446xx.o
START GROUP
LOAD c:/st/stm32cubeide_1.6.1/stm32cubeide/plugins/com.st.stm32cube.ide.mcu.externaltools.gnu-tools-for-stm32.9-2020-q2-update.win32_1.5.0.202011040924/tools/bin/../lib/gcc/arm-none-eabi/9.3.1/../../../../arm-none-eabi/lib/thumb/v7e-m+fp/hard\libc_nano.a
LOAD c:/st/stm32cubeide_1.6.1/stm32cubeide/plugins/com.st.stm32cube.ide.mcu.externaltools.gnu-tools-for-stm32.9-2020-q2-update.win32_1.5.0.202011040924/tools/bin/../lib/gcc/arm-none-eabi/9.3.1/../../../../arm-none-eabi/lib/thumb/v7e-m+fp/hard\libm.a
END GROUP
START GROUP
LOAD c:/st/stm32cubeide_1.6.1/stm32cubeide/plugins/com.st.stm32cube.ide.mcu.externaltools.gnu-tools-for-stm32.9-2020-q2-update.win32_1.5.0.202011040924/tools/bin/../lib/gcc/arm-none-eabi/9.3.1/thumb/v7e-m+fp/hard\libgcc.a
LOAD c:/st/stm32cubeide_1.6.1/stm32cubeide/plugins/com.st.stm32cube.ide.mcu.externaltools.gnu-tools-for-stm32.9-2020-q2-update.win32_1.5.0.202011040924/tools/bin/../lib/gcc/arm-none-eabi/9.3.1/../../../../arm-none-eabi/lib/thumb/v7e-m+fp/hard\libc_nano.a
END GROUP
START GROUP
LOAD c:/st/stm32cubeide_1.6.1/stm32cubeide/plugins/com.st.stm32cube.ide.mcu.externaltools.gnu-tools-for-stm32.9-2020-q2-update.win32_1.5.0.202011040924/tools/bin/../lib/gcc/arm-none-eabi/9.3.1/thumb/v7e-m+fp/hard\libgcc.a
LOAD c:/st/stm32cubeide_1.6.1/stm32cubeide/plugins/com.st.stm32cube.ide.mcu.externaltools.gnu-tools-for-stm32.9-2020-q2-update.win32_1.5.0.202011040924/tools/bin/../lib/gcc/arm-none-eabi/9.3.1/../../../../arm-none-eabi/lib/thumb/v7e-m+fp/hard\libc_nano.a
LOAD c:/st/stm32cubeide_1.6.1/stm32cubeide/plugins/com.st.stm32cube.ide.mcu.externaltools.gnu-tools-for-stm32.9-2020-q2-update.win32_1.5.0.202011040924/tools/bin/../lib/gcc/arm-none-eabi/9.3.1/../../../../arm-none-eabi/lib/thumb/v7e-m+fp/hard\libnosys.a
END GROUP
START GROUP
LOAD c:/st/stm32cubeide_1.6.1/stm32cubeide/plugins/com.st.stm32cube.ide.mcu.externaltools.gnu-tools-for-stm32.9-2020-q2-update.win32_1.5.0.202011040924/tools/bin/../lib/gcc/arm-none-eabi/9.3.1/thumb/v7e-m+fp/hard\libgcc.a
LOAD c:/st/stm32cubeide_1.6.1/stm32cubeide/plugins/com.st.stm32cube.ide.mcu.externaltools.gnu-tools-for-stm32.9-2020-q2-update.win32_1.5.0.202011040924/tools/bin/../lib/gcc/arm-none-eabi/9.3.1/../../../../arm-none-eabi/lib/thumb/v7e-m+fp/hard\libc_nano.a
LOAD c:/st/stm32cubeide_1.6.1/stm32cubeide/plugins/com.st.stm32cube.ide.mcu.externaltools.gnu-tools-for-stm32.9-2020-q2-update.win32_1.5.0.202011040924/tools/bin/../lib/gcc/arm-none-eabi/9.3.1/../../../../arm-none-eabi/lib/thumb/v7e-m+fp/hard\libnosys.a
END GROUP
LOAD c:/st/stm32cubeide_1.6.1/stm32cubeide/plugins/com.st.stm32cube.ide.mcu.externaltools.gnu-tools-for-stm32.9-2020-q2-update.win32_1.5.0.202011040924/tools/bin/../lib/gcc/arm-none-eabi/9.3.1/thumb/v7e-m+fp/hard/crtend.o
LOAD c:/st/stm32cubeide_1.6.1/stm32cubeide/plugins/com.st.stm32cube.ide.mcu.externaltools.gnu-tools-for-stm32.9-2020-q2-update.win32_1.5.0.202011040924/tools/bin/../lib/gcc/arm-none-eabi/9.3.1/thumb/v7e-m+fp/hard/crtn.o
                0x0000000020020000                _estack = 0x20020000
                0x0000000000000200                _Min_Heap_Size = 0x200
                0x0000000000000400                _Min_Stack_Size = 0x400

.isr_vector     0x0000000008000000      0x1c4
                0x0000000008000000                . = ALIGN (0x4)
 *(.isr_vector)
 .isr_vector    0x0000000008000000      0x1c4 startup/startup_stm32f446xx.o
                0x0000000008000000                g_pfnVectors
                0x00000000080001c4                . = ALIGN (0x4)

.text           0x00000000080001c4     0x3540
                0x00000000080001c4                . = ALIGN (0x4)
 *(.text)
 .text          0x00000000080001c4       0x40 c:/st/stm32cubeide_1.6.1/stm32cubeide/plugins/com.st.stm32cube.ide.mcu.externaltools.gnu-tools-for-stm32.9-2020-q2-update.win32_1.5.0.202011040924/tools/bin/../lib/gcc/arm-none-eabi/9.3.1/thumb/v7e-m+fp/hard/crtbegin.o
 .text          0x0000000008000204       0x30 c:/st/stm32cubeide_1.6.1/stm32cubeide/plugins/com.st.stm32cube.ide.mcu.externaltools.gnu-tools-for-stm32.9-2020-q2-update.win32_1.5.0.202011040924/tools/bin/../lib/gcc/arm-none-eabi/9.3.1/thumb/v7e-m+fp/hard\libgcc.a(_aeabi_uldivmod.o)
                0x0000000008000204                __aeabi_uldivmod
 .text          0x0000000008000234      0x2c4 c:/st/stm32cubeide_1.6.1/stm32cubeide/plugins/com.st.stm32cube.ide.mcu.externaltools.gnu-tools-for-stm32.9-2020-q2-update.win32_1.5.0.202011040924/tools/bin/../lib/gcc/arm-none-eabi/9.3.1/thumb/v7e-m+fp/hard\libgcc.a(_udivmoddi4.o)
                0x0000000008000234                __udivmoddi4
 .text          0x00000000080004f8        0x4 c:/st/stm32cubeide_1.6.1/stm32cubeide/plugins/com.st.stm32cube.ide.mcu.externaltools.gnu-tools-for-stm32.9-2020-q2-update.win32_1.5.0.202011040924/tools/bin/../lib/gcc/arm-none-eabi/9.3.1/thumb/v7e-m+fp/hard\libgcc.a(_dvmd_tls.o)
                0x00000000080004f8                __aeabi_idiv0
                0x00000000080004f8                __aeabi_ldiv0
 *(.text*)
 .text.HAL_InitTick
                0x00000000080004fc       0x48 Drivers/STM32F4xx_HAL_Driver/Src/stm32f4xx_hal.o
                0x00000000080004fc                HAL_InitTick
 .text.HAL_Init
                0x0000000008000544       0x34 Drivers/STM32F4xx_HAL_Driver/Src/stm32f4xx_hal.o
                0x0000000008000544                HAL_Init
 .text.HAL_IncTick
                0x0000000008000578       0x18 Drivers/STM32F4xx_HAL_Driver/Src/stm32f4xx_hal.o
                0x0000000008000578                HAL_IncTick
 .text.HAL_GetTick
                0x0000000008000590        0xc Drivers/STM32F4xx_HAL_Driver/Src/stm32f4xx_hal.o
                0x0000000008000590                HAL_GetTick
 .text.HAL_CAN_Init
                0x000000000800059c      0x14c Drivers/STM32F4xx_HAL_Driver/Src/stm32f4xx_hal_can.o
                0x000000000800059c                HAL_CAN_Init
 .text.HAL_CAN_Start
                0x00000000080006e8       0x5c Drivers/STM32F4xx_HAL_Driver/Src/stm32f4xx_hal_can.o
                0x00000000080006e8                HAL_CAN_Start
 .text.HAL_CAN_AddTxMessage
                0x0000000008000744       0xf6 Drivers/STM32F4xx_HAL_Driver/Src/stm32f4xx_hal_can.o
                0x0000000008000744                HAL_CAN_AddTxMessage
 .text.HAL_CAN_GetTxMailboxesFreeLevel
                0x000000000800083a       0x3a Drivers/STM32F4xx_HAL_Driver/Src/stm32f4xx_hal_can.o
                0x000000000800083a                HAL_CAN_GetTxMailboxesFreeLevel
 .text.HAL_CAN_GetRxMessage
                0x0000000008000874      0x148 Drivers/STM32F4xx_HAL_Driver/Src/stm32f4xx_hal_can.o
                0x0000000008000874                HAL_CAN_GetRxMessage
 .text.HAL_CAN_ActivateNotification
                0x00000000080009bc       0x2c Drivers/STM32F4xx_HAL_Driver/Src/stm32f4xx_hal_can.o
                0x00000000080009bc                HAL_CAN_ActivateNotification
 .text.HAL_CAN_TxMailbox0CompleteCallback
                0x00000000080009e8        0x2 Drivers/STM32F4xx_HAL_Driver/Src/stm32f4xx_hal_can.o
                0x00000000080009e8                HAL_CAN_TxMailbox0CompleteCallback
 .text.HAL_CAN_TxMailbox1CompleteCallback
                0x00000000080009ea        0x2 Drivers/STM32F4xx_HAL_Driver/Src/stm32f4xx_hal_can.o
                0x00000000080009ea                HAL_CAN_TxMailbox1CompleteCallback
 .text.HAL_CAN_TxMailbox2CompleteCallback
                0x00000000080009ec        0x2 Drivers/STM32F4xx_HAL_Driver/Src/stm32f4xx_hal_can.o
                0x00000000080009ec                HAL_CAN_TxMailbox2CompleteCallback
 .text.HAL_CAN_TxMailbox0AbortCallback
                0x00000000080009ee        0x2 Drivers/STM32F4xx_HAL_Driver/Src/stm32f4xx_hal_can.o
                0x00000000080009ee                HAL_CAN_TxMailbox0AbortCallback
 .text.HAL_CAN_TxMailbox1AbortCallback
                0x00000000080009f0        0x2 Drivers/STM32F4xx_HAL_Driver/Src/stm32f4xx_hal_can.o
                0x00000000080009f0                HAL_CAN_TxMailbox1AbortCallback
 .text.HAL_CAN_TxMailbox2AbortCallback
                0x00000000080009f2        0x2 Drivers/STM32F4xx_HAL_Driver/Src/stm32f4xx_hal_can.o
                0x00000000080009f2                HAL_CAN_TxMailbox2AbortCallback
 .text.HAL_CAN_RxFifo0FullCallback
                0x00000000080009f4        0x2 Drivers/STM32F4xx_HAL_Driver/Src/stm32f4xx_hal_can.o
                0x00000000080009f4                HAL_CAN_RxFifo0FullCallback
 .text.HAL_CAN_RxFifo1MsgPendingCallback
                0x00000000080009f6        0x2 Drivers/STM32F4xx_HAL_Driver/Src/stm32f4xx_hal_can.o
                0x00000000080009f6                HAL_CAN_RxFifo1MsgPendingCallback
 .text.HAL_CAN_RxFifo1FullCallback
                0x00000000080009f8        0x2 Drivers/STM32F4xx_HAL_Driver/Src/stm32f4xx_hal_can.o
                0x00000000080009f8                HAL_CAN_RxFifo1FullCallback
 .text.HAL_CAN_SleepCallback
                0x00000000080009fa        0x2 Drivers/STM32F4xx_HAL_Driver/Src/stm32f4xx_hal_can.o
                0x00000000080009fa                HAL_CAN_SleepCallback
 .text.HAL_CAN_WakeUpFromRxMsgCallback
                0x00000000080009fc        0x2 Drivers/STM32F4xx_HAL_Driver/Src/stm32f4xx_hal_can.o
                0x00000000080009fc                HAL_CAN_WakeUpFromRxMsgCallback
 .text.HAL_CAN_ErrorCallback
                0x00000000080009fe        0x2 Drivers/STM32F4xx_HAL_Driver/Src/stm32f4xx_hal_can.o
                0x00000000080009fe                HAL_CAN_ErrorCallback
 .text.HAL_CAN_IRQHandler
                0x0000000008000a00      0x24a Drivers/STM32F4xx_HAL_Driver/Src/stm32f4xx_hal_can.o
                0x0000000008000a00                HAL_CAN_IRQHandler
 *fill*         0x0000000008000c4a        0x2 
 .text.HAL_NVIC_SetPriorityGrouping
                0x0000000008000c4c       0x24 Drivers/STM32F4xx_HAL_Driver/Src/stm32f4xx_hal_cortex.o
                0x0000000008000c4c                HAL_NVIC_SetPriorityGrouping
 .text.HAL_NVIC_SetPriority
                0x0000000008000c70       0x68 Drivers/STM32F4xx_HAL_Driver/Src/stm32f4xx_hal_cortex.o
                0x0000000008000c70                HAL_NVIC_SetPriority
 .text.HAL_NVIC_EnableIRQ
                0x0000000008000cd8       0x18 Drivers/STM32F4xx_HAL_Driver/Src/stm32f4xx_hal_cortex.o
                0x0000000008000cd8                HAL_NVIC_EnableIRQ
 .text.HAL_SYSTICK_Config
                0x0000000008000cf0       0x2c Drivers/STM32F4xx_HAL_Driver/Src/stm32f4xx_hal_cortex.o
                0x0000000008000cf0                HAL_SYSTICK_Config
 .text.HAL_SYSTICK_CLKSourceConfig
                0x0000000008000d1c       0x20 Drivers/STM32F4xx_HAL_Driver/Src/stm32f4xx_hal_cortex.o
                0x0000000008000d1c                HAL_SYSTICK_CLKSourceConfig
 .text.HAL_SYSTICK_Callback
                0x0000000008000d3c        0x2 Drivers/STM32F4xx_HAL_Driver/Src/stm32f4xx_hal_cortex.o
                0x0000000008000d3c                HAL_SYSTICK_Callback
 .text.HAL_SYSTICK_IRQHandler
                0x0000000008000d3e        0x8 Drivers/STM32F4xx_HAL_Driver/Src/stm32f4xx_hal_cortex.o
                0x0000000008000d3e                HAL_SYSTICK_IRQHandler
 *fill*         0x0000000008000d46        0x2 
 .text.HAL_GPIO_Init
                0x0000000008000d48      0x1c0 Drivers/STM32F4xx_HAL_Driver/Src/stm32f4xx_hal_gpio.o
                0x0000000008000d48                HAL_GPIO_Init
 .text.HAL_GPIO_WritePin
                0x0000000008000f08        0xc Drivers/STM32F4xx_HAL_Driver/Src/stm32f4xx_hal_gpio.o
                0x0000000008000f08                HAL_GPIO_WritePin
 .text.HAL_GPIO_TogglePin
                0x0000000008000f14        0x8 Drivers/STM32F4xx_HAL_Driver/Src/stm32f4xx_hal_gpio.o
                0x0000000008000f14                HAL_GPIO_TogglePin
 .text.HAL_RCC_ClockConfig
                0x0000000008000f1c      0x15c Drivers/STM32F4xx_HAL_Driver/Src/stm32f4xx_hal_rcc.o
                0x0000000008000f1c                HAL_RCC_ClockConfig
 .text.HAL_RCC_GetHCLKFreq
                0x0000000008001078        0xc Drivers/STM32F4xx_HAL_Driver/Src/stm32f4xx_hal_rcc.o
                0x0000000008001078                HAL_RCC_GetHCLKFreq
 .text.HAL_RCC_GetSysClockFreq
                0x0000000008001084      0x118 Drivers/STM32F4xx_HAL_Driver/Src/stm32f4xx_hal_rcc_ex.o
                0x0000000008001084                HAL_RCC_GetSysClockFreq
 .text.HAL_RCC_OscConfig
                0x000000000800119c      0x3c8 Drivers/STM32F4xx_HAL_Driver/Src/stm32f4xx_hal_rcc_ex.o
                0x000000000800119c                HAL_RCC_OscConfig
 .text.SPI_WaitFlagStateUntilTimeout
                0x0000000008001564       0x9a Drivers/STM32F4xx_HAL_Driver/Src/stm32f4xx_hal_spi.o
 .text.SPI_CheckFlag_BSY
                0x00000000080015fe       0x24 Drivers/STM32F4xx_HAL_Driver/Src/stm32f4xx_hal_spi.o
 .text.HAL_SPI_Init
                0x0000000008001622       0x80 Drivers/STM32F4xx_HAL_Driver/Src/stm32f4xx_hal_spi.o
                0x0000000008001622                HAL_SPI_Init
 .text.HAL_SPI_Transmit
                0x00000000080016a2      0x19e Drivers/STM32F4xx_HAL_Driver/Src/stm32f4xx_hal_spi.o
                0x00000000080016a2                HAL_SPI_Transmit
 .text.HAL_SPI_TransmitReceive
                0x0000000008001840      0x240 Drivers/STM32F4xx_HAL_Driver/Src/stm32f4xx_hal_spi.o
                0x0000000008001840                HAL_SPI_TransmitReceive
 .text.HAL_SPI_Receive
                0x0000000008001a80      0x164 Drivers/STM32F4xx_HAL_Driver/Src/stm32f4xx_hal_spi.o
                0x0000000008001a80                HAL_SPI_Receive
 .text.TIM_TI1_ConfigInputStage
                0x0000000008001be4       0x24 Drivers/STM32F4xx_HAL_Driver/Src/stm32f4xx_hal_tim.o
 .text.TIM_TI2_SetConfig
                0x0000000008001c08       0x34 Drivers/STM32F4xx_HAL_Driver/Src/stm32f4xx_hal_tim.o
 .text.TIM_TI2_ConfigInputStage
                0x0000000008001c3c       0x26 Drivers/STM32F4xx_HAL_Driver/Src/stm32f4xx_hal_tim.o
 .text.TIM_TI3_SetConfig
                0x0000000008001c62       0x32 Drivers/STM32F4xx_HAL_Driver/Src/stm32f4xx_hal_tim.o
 .text.TIM_TI4_SetConfig
                0x0000000008001c94       0x34 Drivers/STM32F4xx_HAL_Driver/Src/stm32f4xx_hal_tim.o
 .text.TIM_ITRx_SetConfig
                0x0000000008001cc8       0x10 Drivers/STM32F4xx_HAL_Driver/Src/stm32f4xx_hal_tim.o
 .text.TIM_ETR_SetConfig
                0x0000000008001cd8       0x18 Drivers/STM32F4xx_HAL_Driver/Src/stm32f4xx_hal_tim.o
 .text.HAL_TIM_Base_Start_IT
                0x0000000008001cf0       0x18 Drivers/STM32F4xx_HAL_Driver/Src/stm32f4xx_hal_tim.o
                0x0000000008001cf0                HAL_TIM_Base_Start_IT
 .text.HAL_TIM_ConfigClockSource
                0x0000000008001d08      0x10a Drivers/STM32F4xx_HAL_Driver/Src/stm32f4xx_hal_tim.o
                0x0000000008001d08                HAL_TIM_ConfigClockSource
 .text.HAL_TIM_OC_DelayElapsedCallback
                0x0000000008001e12        0x2 Drivers/STM32F4xx_HAL_Driver/Src/stm32f4xx_hal_tim.o
                0x0000000008001e12                HAL_TIM_OC_DelayElapsedCallback
 .text.HAL_TIM_PWM_PulseFinishedCallback
                0x0000000008001e14        0x2 Drivers/STM32F4xx_HAL_Driver/Src/stm32f4xx_hal_tim.o
                0x0000000008001e14                HAL_TIM_PWM_PulseFinishedCallback
 .text.HAL_TIM_TriggerCallback
                0x0000000008001e16        0x2 Drivers/STM32F4xx_HAL_Driver/Src/stm32f4xx_hal_tim.o
                0x0000000008001e16                HAL_TIM_TriggerCallback
 .text.HAL_TIM_IRQHandler
                0x0000000008001e18      0x17a Drivers/STM32F4xx_HAL_Driver/Src/stm32f4xx_hal_tim.o
                0x0000000008001e18                HAL_TIM_IRQHandler
 *fill*         0x0000000008001f92        0x2 
 .text.TIM_Base_SetConfig
                0x0000000008001f94       0xc0 Drivers/STM32F4xx_HAL_Driver/Src/stm32f4xx_hal_tim.o
                0x0000000008001f94                TIM_Base_SetConfig
 .text.HAL_TIM_Base_Init
                0x0000000008002054       0x34 Drivers/STM32F4xx_HAL_Driver/Src/stm32f4xx_hal_tim.o
                0x0000000008002054                HAL_TIM_Base_Init
 .text.HAL_TIM_IC_Init
                0x0000000008002088       0x34 Drivers/STM32F4xx_HAL_Driver/Src/stm32f4xx_hal_tim.o
                0x0000000008002088                HAL_TIM_IC_Init
 .text.TIM_TI1_SetConfig
                0x00000000080020bc       0x7c Drivers/STM32F4xx_HAL_Driver/Src/stm32f4xx_hal_tim.o
                0x00000000080020bc                TIM_TI1_SetConfig
 .text.HAL_TIM_IC_ConfigChannel
                0x0000000008002138       0xc0 Drivers/STM32F4xx_HAL_Driver/Src/stm32f4xx_hal_tim.o
                0x0000000008002138                HAL_TIM_IC_ConfigChannel
 .text.TIM_CCxChannelCmd
                0x00000000080021f8       0x20 Drivers/STM32F4xx_HAL_Driver/Src/stm32f4xx_hal_tim.o
                0x00000000080021f8                TIM_CCxChannelCmd
 .text.HAL_TIM_IC_Start_IT
                0x0000000008002218       0x5e Drivers/STM32F4xx_HAL_Driver/Src/stm32f4xx_hal_tim.o
                0x0000000008002218                HAL_TIM_IC_Start_IT
 .text.HAL_TIMEx_MasterConfigSynchronization
                0x0000000008002276       0x52 Drivers/STM32F4xx_HAL_Driver/Src/stm32f4xx_hal_tim_ex.o
                0x0000000008002276                HAL_TIMEx_MasterConfigSynchronization
 .text.HAL_TIMEx_CommutationCallback
                0x00000000080022c8        0x2 Drivers/STM32F4xx_HAL_Driver/Src/stm32f4xx_hal_tim_ex.o
                0x00000000080022c8                HAL_TIMEx_CommutationCallback
 .text.HAL_TIMEx_BreakCallback
                0x00000000080022ca        0x2 Drivers/STM32F4xx_HAL_Driver/Src/stm32f4xx_hal_tim_ex.o
                0x00000000080022ca                HAL_TIMEx_BreakCallback
 .text.MX_CAN1_Init
                0x00000000080022cc       0x4c Src/can.o
                0x00000000080022cc                MX_CAN1_Init
 .text.MX_CAN2_Init
                0x0000000008002318       0x4c Src/can.o
                0x0000000008002318                MX_CAN2_Init
 .text.HAL_CAN_MspInit
                0x0000000008002364      0x114 Src/can.o
                0x0000000008002364                HAL_CAN_MspInit
 .text.CAN_transmit
                0x0000000008002478       0xc4 Src/can.o
                0x0000000008002478                CAN_transmit
 .text.CAN_updateStatus
                0x000000000800253c       0x60 Src/can.o
                0x000000000800253c                CAN_updateStatus
 .text.HAL_CAN_RxFifo0MsgPendingCallback
                0x000000000800259c       0x88 Src/can.o
                0x000000000800259c                HAL_CAN_RxFifo0MsgPendingCallback
 .text.LP_Filter
                0x0000000008002624       0x36 Src/filter.o
                0x0000000008002624                LP_Filter
 *fill*         0x000000000800265a        0x2 
 .text.MX_GPIO_Init
                0x000000000800265c       0xf0 Src/gpio.o
                0x000000000800265c                MX_GPIO_Init
 .text.AN_wheelConversion
                0x000000000800274c      0x11c Src/main.o
 .text.AN_sometingWongState
                0x0000000008002868       0x6c Src/main.o
 .text.AN_nominalState
                0x00000000080028d4       0xc8 Src/main.o
 .text.AN_peripheralStartup
                0x000000000800299c       0x9c Src/main.o
                0x000000000800299c                AN_peripheralStartup
 .text.AN_executeState
                0x0000000008002a38       0x1c Src/main.o
                0x0000000008002a38                AN_executeState
 .text.HAL_TIM_PeriodElapsedCallback
                0x0000000008002a54       0x90 Src/main.o
                0x0000000008002a54                HAL_TIM_PeriodElapsedCallback
 .text.HAL_TIM_IC_CaptureCallback
                0x0000000008002ae4       0x38 Src/main.o
                0x0000000008002ae4                HAL_TIM_IC_CaptureCallback
 .text._Error_Handler
                0x0000000008002b1c        0x2 Src/main.o
                0x0000000008002b1c                _Error_Handler
 *fill*         0x0000000008002b1e        0x2 
 .text.SystemClock_Config
                0x0000000008002b20       0xd4 Src/main.o
                0x0000000008002b20                SystemClock_Config
 .text.main     0x0000000008002bf4       0xbc Src/main.o
                0x0000000008002bf4                main
 .text.MX_SPI1_Init
                0x0000000008002cb0       0x4c Src/spi.o
                0x0000000008002cb0                MX_SPI1_Init
 .text.MX_SPI3_Init
                0x0000000008002cfc       0x50 Src/spi.o
                0x0000000008002cfc                MX_SPI3_Init
 .text.HAL_SPI_MspInit
                0x0000000008002d4c       0xc4 Src/spi.o
                0x0000000008002d4c                HAL_SPI_MspInit
 .text.SPI_receive
                0x0000000008002e10       0xa8 Src/spi.o
                0x0000000008002e10                SPI_receive
 .text.SPI_rFastPrepare
                0x0000000008002eb8       0x7c Src/spi.o
                0x0000000008002eb8                SPI_rFastPrepare
 .text.SPI_lFastPrepare
                0x0000000008002f34       0x38 Src/spi.o
                0x0000000008002f34                SPI_lFastPrepare
 .text.SPI_rSlowPrepare
                0x0000000008002f6c       0xb6 Src/spi.o
                0x0000000008002f6c                SPI_rSlowPrepare
 .text.SPI_lSlowPrepare
                0x0000000008003022       0xb6 Src/spi.o
                0x0000000008003022                SPI_lSlowPrepare
 .text.SPI_commRegister
                0x00000000080030d8       0x44 Src/spi.o
                0x00000000080030d8                SPI_commRegister
 .text.SPI_commRegisterTrue
                0x000000000800311c       0x1c Src/spi.o
                0x000000000800311c                SPI_commRegisterTrue
 .text.SPI_write16
                0x0000000008003138       0x4c Src/spi.o
                0x0000000008003138                SPI_write16
 .text.SPI_write24
                0x0000000008003184       0x54 Src/spi.o
                0x0000000008003184                SPI_write24
 .text.SPI_dataRead
                0x00000000080031d8       0x5c Src/spi.o
                0x00000000080031d8                SPI_dataRead
 .text.HAL_MspInit
                0x0000000008003234       0x94 Src/stm32f4xx_hal_msp.o
                0x0000000008003234                HAL_MspInit
 .text.NMI_Handler
                0x00000000080032c8        0x2 Src/stm32f4xx_it.o
                0x00000000080032c8                NMI_Handler
 .text.HardFault_Handler
                0x00000000080032ca        0x2 Src/stm32f4xx_it.o
                0x00000000080032ca                HardFault_Handler
 .text.MemManage_Handler
                0x00000000080032cc        0x2 Src/stm32f4xx_it.o
                0x00000000080032cc                MemManage_Handler
 .text.BusFault_Handler
                0x00000000080032ce        0x2 Src/stm32f4xx_it.o
                0x00000000080032ce                BusFault_Handler
 .text.UsageFault_Handler
                0x00000000080032d0        0x2 Src/stm32f4xx_it.o
                0x00000000080032d0                UsageFault_Handler
 .text.SVC_Handler
                0x00000000080032d2        0x2 Src/stm32f4xx_it.o
                0x00000000080032d2                SVC_Handler
 .text.DebugMon_Handler
                0x00000000080032d4        0x2 Src/stm32f4xx_it.o
                0x00000000080032d4                DebugMon_Handler
 .text.PendSV_Handler
                0x00000000080032d6        0x2 Src/stm32f4xx_it.o
                0x00000000080032d6                PendSV_Handler
 .text.SysTick_Handler
                0x00000000080032d8        0xc Src/stm32f4xx_it.o
                0x00000000080032d8                SysTick_Handler
 .text.CAN1_RX0_IRQHandler
                0x00000000080032e4       0x10 Src/stm32f4xx_it.o
                0x00000000080032e4                CAN1_RX0_IRQHandler
 .text.CAN1_RX1_IRQHandler
                0x00000000080032f4       0x10 Src/stm32f4xx_it.o
                0x00000000080032f4                CAN1_RX1_IRQHandler
 .text.TIM2_IRQHandler
                0x0000000008003304       0x10 Src/stm32f4xx_it.o
                0x0000000008003304                TIM2_IRQHandler
 .text.TIM4_IRQHandler
                0x0000000008003314       0x10 Src/stm32f4xx_it.o
                0x0000000008003314                TIM4_IRQHandler
 .text.TIM5_IRQHandler
                0x0000000008003324       0x10 Src/stm32f4xx_it.o
                0x0000000008003324                TIM5_IRQHandler
 .text.CAN2_RX0_IRQHandler
                0x0000000008003334       0x10 Src/stm32f4xx_it.o
                0x0000000008003334                CAN2_RX0_IRQHandler
 .text.CAN2_RX1_IRQHandler
                0x0000000008003344       0x10 Src/stm32f4xx_it.o
                0x0000000008003344                CAN2_RX1_IRQHandler
 .text.SystemInit
                0x0000000008003354       0x4c Src/system_stm32f4xx.o
                0x0000000008003354                SystemInit
 .text.MX_TIM2_Init
                0x00000000080033a0       0x7c Src/tim.o
                0x00000000080033a0                MX_TIM2_Init
 .text.MX_TIM4_Init
                0x000000000800341c       0x70 Src/tim.o
                0x000000000800341c                MX_TIM4_Init
 .text.MX_TIM5_Init
                0x000000000800348c       0x7c Src/tim.o
                0x000000000800348c                MX_TIM5_Init
 .text.MX_TIM14_Init
                0x0000000008003508       0x38 Src/tim.o
                0x0000000008003508                MX_TIM14_Init
 .text.HAL_TIM_IC_MspInit
                0x0000000008003540       0xa8 Src/tim.o
                0x0000000008003540                HAL_TIM_IC_MspInit
 .text.HAL_TIM_Base_MspInit
                0x00000000080035e8       0x68 Src/tim.o
                0x00000000080035e8                HAL_TIM_Base_MspInit
 .text.Reset_Handler
                0x0000000008003650       0x50 startup/startup_stm32f446xx.o
                0x0000000008003650                Reset_Handler
 .text.Default_Handler
                0x00000000080036a0        0x2 startup/startup_stm32f446xx.o
                0x00000000080036a0                RTC_Alarm_IRQHandler
                0x00000000080036a0                EXTI2_IRQHandler
                0x00000000080036a0                TIM8_CC_IRQHandler
                0x00000000080036a0                SPI4_IRQHandler
                0x00000000080036a0                TIM1_CC_IRQHandler
                0x00000000080036a0                DMA2_Stream5_IRQHandler
                0x00000000080036a0                DMA1_Stream5_IRQHandler
                0x00000000080036a0                PVD_IRQHandler
                0x00000000080036a0                SDIO_IRQHandler
                0x00000000080036a0                TAMP_STAMP_IRQHandler
                0x00000000080036a0                EXTI3_IRQHandler
                0x00000000080036a0                TIM8_TRG_COM_TIM14_IRQHandler
                0x00000000080036a0                TIM1_UP_TIM10_IRQHandler
                0x00000000080036a0                TIM8_UP_TIM13_IRQHandler
                0x00000000080036a0                I2C3_ER_IRQHandler
                0x00000000080036a0                FMPI2C1_Event_IRQHandler
                0x00000000080036a0                EXTI0_IRQHandler
                0x00000000080036a0                I2C2_EV_IRQHandler
                0x00000000080036a0                DMA1_Stream2_IRQHandler
                0x00000000080036a0                FPU_IRQHandler
                0x00000000080036a0                OTG_HS_WKUP_IRQHandler
                0x00000000080036a0                CAN2_SCE_IRQHandler
                0x00000000080036a0                DMA2_Stream2_IRQHandler
                0x00000000080036a0                SPI1_IRQHandler
                0x00000000080036a0                TIM6_DAC_IRQHandler
                0x00000000080036a0                TIM1_BRK_TIM9_IRQHandler
                0x00000000080036a0                DCMI_IRQHandler
                0x00000000080036a0                DMA2_Stream3_IRQHandler
                0x00000000080036a0                SAI2_IRQHandler
                0x00000000080036a0                USART6_IRQHandler
                0x00000000080036a0                USART3_IRQHandler
                0x00000000080036a0                UART5_IRQHandler
                0x00000000080036a0                DMA2_Stream0_IRQHandler
                0x00000000080036a0                QUADSPI_IRQHandler
                0x00000000080036a0                I2C1_EV_IRQHandler
                0x00000000080036a0                DMA1_Stream6_IRQHandler
                0x00000000080036a0                DMA1_Stream1_IRQHandler
                0x00000000080036a0                UART4_IRQHandler
                0x00000000080036a0                TIM3_IRQHandler
                0x00000000080036a0                RCC_IRQHandler
                0x00000000080036a0                TIM8_BRK_TIM12_IRQHandler
                0x00000000080036a0                Default_Handler
                0x00000000080036a0                CEC_IRQHandler
                0x00000000080036a0                EXTI15_10_IRQHandler
                0x00000000080036a0                ADC_IRQHandler
                0x00000000080036a0                DMA1_Stream7_IRQHandler
                0x00000000080036a0                TIM7_IRQHandler
                0x00000000080036a0                CAN2_TX_IRQHandler
                0x00000000080036a0                DMA2_Stream7_IRQHandler
                0x00000000080036a0                I2C3_EV_IRQHandler
                0x00000000080036a0                EXTI9_5_IRQHandler
                0x00000000080036a0                RTC_WKUP_IRQHandler
                0x00000000080036a0                SPDIF_RX_IRQHandler
                0x00000000080036a0                SPI2_IRQHandler
                0x00000000080036a0                OTG_HS_EP1_IN_IRQHandler
                0x00000000080036a0                DMA1_Stream0_IRQHandler
                0x00000000080036a0                CAN1_TX_IRQHandler
                0x00000000080036a0                EXTI4_IRQHandler
                0x00000000080036a0                OTG_HS_EP1_OUT_IRQHandler
                0x00000000080036a0                WWDG_IRQHandler
                0x00000000080036a0                OTG_FS_WKUP_IRQHandler
                0x00000000080036a0                TIM1_TRG_COM_TIM11_IRQHandler
                0x00000000080036a0                OTG_HS_IRQHandler
                0x00000000080036a0                EXTI1_IRQHandler
                0x00000000080036a0                USART2_IRQHandler
                0x00000000080036a0                I2C2_ER_IRQHandler
                0x00000000080036a0                DMA2_Stream1_IRQHandler
                0x00000000080036a0                CAN1_SCE_IRQHandler
                0x00000000080036a0                FLASH_IRQHandler
                0x00000000080036a0                DMA2_Stream4_IRQHandler
                0x00000000080036a0                USART1_IRQHandler
                0x00000000080036a0                OTG_FS_IRQHandler
                0x00000000080036a0                SPI3_IRQHandler
                0x00000000080036a0                DMA1_Stream4_IRQHandler
                0x00000000080036a0                I2C1_ER_IRQHandler
                0x00000000080036a0                FMC_IRQHandler
                0x00000000080036a0                DMA2_Stream6_IRQHandler
                0x00000000080036a0                SAI1_IRQHandler
                0x00000000080036a0                DMA1_Stream3_IRQHandler
                0x00000000080036a0                FMPI2C1_Error_IRQHandler
 *fill*         0x00000000080036a2        0x2 
 .text.__libc_init_array
                0x00000000080036a4       0x48 c:/st/stm32cubeide_1.6.1/stm32cubeide/plugins/com.st.stm32cube.ide.mcu.externaltools.gnu-tools-for-stm32.9-2020-q2-update.win32_1.5.0.202011040924/tools/bin/../lib/gcc/arm-none-eabi/9.3.1/../../../../arm-none-eabi/lib/thumb/v7e-m+fp/hard\libc_nano.a(lib_a-init.o)
                0x00000000080036a4                __libc_init_array
 *(.glue_7)
 .glue_7        0x00000000080036ec        0x0 linker stubs
 *(.glue_7t)
 .glue_7t       0x00000000080036ec        0x0 linker stubs
 *(.eh_frame)
 .eh_frame      0x00000000080036ec        0x0 c:/st/stm32cubeide_1.6.1/stm32cubeide/plugins/com.st.stm32cube.ide.mcu.externaltools.gnu-tools-for-stm32.9-2020-q2-update.win32_1.5.0.202011040924/tools/bin/../lib/gcc/arm-none-eabi/9.3.1/thumb/v7e-m+fp/hard/crtbegin.o
 *(.init)
 .init          0x00000000080036ec        0x4 c:/st/stm32cubeide_1.6.1/stm32cubeide/plugins/com.st.stm32cube.ide.mcu.externaltools.gnu-tools-for-stm32.9-2020-q2-update.win32_1.5.0.202011040924/tools/bin/../lib/gcc/arm-none-eabi/9.3.1/thumb/v7e-m+fp/hard/crti.o
                0x00000000080036ec                _init
 .init          0x00000000080036f0        0x8 c:/st/stm32cubeide_1.6.1/stm32cubeide/plugins/com.st.stm32cube.ide.mcu.externaltools.gnu-tools-for-stm32.9-2020-q2-update.win32_1.5.0.202011040924/tools/bin/../lib/gcc/arm-none-eabi/9.3.1/thumb/v7e-m+fp/hard/crtn.o
 *(.fini)
 .fini          0x00000000080036f8        0x4 c:/st/stm32cubeide_1.6.1/stm32cubeide/plugins/com.st.stm32cube.ide.mcu.externaltools.gnu-tools-for-stm32.9-2020-q2-update.win32_1.5.0.202011040924/tools/bin/../lib/gcc/arm-none-eabi/9.3.1/thumb/v7e-m+fp/hard/crti.o
                0x00000000080036f8                _fini
 .fini          0x00000000080036fc        0x8 c:/st/stm32cubeide_1.6.1/stm32cubeide/plugins/com.st.stm32cube.ide.mcu.externaltools.gnu-tools-for-stm32.9-2020-q2-update.win32_1.5.0.202011040924/tools/bin/../lib/gcc/arm-none-eabi/9.3.1/thumb/v7e-m+fp/hard/crtn.o
                0x0000000008003704                . = ALIGN (0x4)
                0x0000000008003704                _etext = .

.vfp11_veneer   0x0000000008003704        0x0
 .vfp11_veneer  0x0000000008003704        0x0 linker stubs

.v4_bx          0x0000000008003704        0x0
 .v4_bx         0x0000000008003704        0x0 linker stubs

.iplt           0x0000000008003704        0x0
 .iplt          0x0000000008003704        0x0 c:/st/stm32cubeide_1.6.1/stm32cubeide/plugins/com.st.stm32cube.ide.mcu.externaltools.gnu-tools-for-stm32.9-2020-q2-update.win32_1.5.0.202011040924/tools/bin/../lib/gcc/arm-none-eabi/9.3.1/thumb/v7e-m+fp/hard/crtbegin.o

.rodata         0x0000000008003704       0x64
                0x0000000008003704                . = ALIGN (0x4)
 *(.rodata)
 .rodata        0x0000000008003704        0xc Src/main.o
 .rodata        0x0000000008003710       0x18 Src/system_stm32f4xx.o
                0x0000000008003710                AHBPrescTable
                0x0000000008003720                APBPrescTable
 *(.rodata*)
 .rodata.str1.4
                0x0000000008003728        0xd Src/can.o
 *fill*         0x0000000008003735        0x3 
 .rodata.str1.4
                0x0000000008003738        0xe Src/main.o
 *fill*         0x0000000008003746        0x2 
 .rodata.str1.4
                0x0000000008003748        0xd Src/spi.o
 *fill*         0x0000000008003755        0x3 
 .rodata.str1.4
                0x0000000008003758        0xd Src/tim.o
                0x0000000008003768                . = ALIGN (0x4)
 *fill*         0x0000000008003765        0x3 

.ARM.extab
 *(.ARM.extab* .gnu.linkonce.armextab.*)

.ARM            0x0000000008003768        0x8
                0x0000000008003768                __exidx_start = .
 *(.ARM.exidx*)
 .ARM.exidx     0x0000000008003768        0x8 c:/st/stm32cubeide_1.6.1/stm32cubeide/plugins/com.st.stm32cube.ide.mcu.externaltools.gnu-tools-for-stm32.9-2020-q2-update.win32_1.5.0.202011040924/tools/bin/../lib/gcc/arm-none-eabi/9.3.1/thumb/v7e-m+fp/hard\libgcc.a(_udivmoddi4.o)
                0x0000000008003770                __exidx_end = .

.rel.dyn        0x0000000008003770        0x0
 .rel.iplt      0x0000000008003770        0x0 c:/st/stm32cubeide_1.6.1/stm32cubeide/plugins/com.st.stm32cube.ide.mcu.externaltools.gnu-tools-for-stm32.9-2020-q2-update.win32_1.5.0.202011040924/tools/bin/../lib/gcc/arm-none-eabi/9.3.1/thumb/v7e-m+fp/hard/crtbegin.o

.preinit_array  0x0000000008003770        0x0
                0x0000000008003770                PROVIDE (__preinit_array_start = .)
 *(.preinit_array*)
                0x0000000008003770                PROVIDE (__preinit_array_end = .)

.init_array     0x0000000008003770        0x4
                0x0000000008003770                PROVIDE (__init_array_start = .)
 *(SORT_BY_NAME(.init_array.*))
 *(.init_array*)
 .init_array    0x0000000008003770        0x4 c:/st/stm32cubeide_1.6.1/stm32cubeide/plugins/com.st.stm32cube.ide.mcu.externaltools.gnu-tools-for-stm32.9-2020-q2-update.win32_1.5.0.202011040924/tools/bin/../lib/gcc/arm-none-eabi/9.3.1/thumb/v7e-m+fp/hard/crtbegin.o
                0x0000000008003774                PROVIDE (__init_array_end = .)

.fini_array     0x0000000008003774        0x4
                [!provide]                        PROVIDE (__fini_array_start = .)
 *(SORT_BY_NAME(.fini_array.*))
 *(.fini_array*)
 .fini_array    0x0000000008003774        0x4 c:/st/stm32cubeide_1.6.1/stm32cubeide/plugins/com.st.stm32cube.ide.mcu.externaltools.gnu-tools-for-stm32.9-2020-q2-update.win32_1.5.0.202011040924/tools/bin/../lib/gcc/arm-none-eabi/9.3.1/thumb/v7e-m+fp/hard/crtbegin.o
                [!provide]                        PROVIDE (__fini_array_end = .)
                0x0000000008003778                _sidata = LOADADDR (.data)

.data           0x0000000020000000       0xc0 load address 0x0000000008003778
                0x0000000020000000                . = ALIGN (0x4)
                0x0000000020000000                _sdata = .
 *(.data)
 .data          0x0000000020000000        0x8 Drivers/STM32F4xx_HAL_Driver/Src/stm32f4xx_hal.o
                0x0000000020000000                uwTickFreq
                0x0000000020000004                uwTickPrio
 .data          0x0000000020000008       0x94 Src/can.o
 .data          0x000000002000009c       0x20 Src/main.o
                0x000000002000009c                AN_rearFilter
                0x00000000200000ac                AN_frontFilter
 .data          0x00000000200000bc        0x4 Src/system_stm32f4xx.o
                0x00000000200000bc                SystemCoreClock
 *(.data*)
                0x00000000200000c0                . = ALIGN (0x4)
                0x00000000200000c0                _edata = .

.igot.plt       0x00000000200000c0        0x0 load address 0x0000000008003838
 .igot.plt      0x00000000200000c0        0x0 c:/st/stm32cubeide_1.6.1/stm32cubeide/plugins/com.st.stm32cube.ide.mcu.externaltools.gnu-tools-for-stm32.9-2020-q2-update.win32_1.5.0.202011040924/tools/bin/../lib/gcc/arm-none-eabi/9.3.1/thumb/v7e-m+fp/hard/crtbegin.o
                0x00000000200000c0                . = ALIGN (0x4)

.bss            0x00000000200000c0      0x258 load address 0x0000000008003838
                0x00000000200000c0                _sbss = .
                0x00000000200000c0                __bss_start__ = _sbss
 *(.bss)
 .bss           0x00000000200000c0       0x1c c:/st/stm32cubeide_1.6.1/stm32cubeide/plugins/com.st.stm32cube.ide.mcu.externaltools.gnu-tools-for-stm32.9-2020-q2-update.win32_1.5.0.202011040924/tools/bin/../lib/gcc/arm-none-eabi/9.3.1/thumb/v7e-m+fp/hard/crtbegin.o
 .bss           0x00000000200000dc       0x20 Src/can.o
                0x00000000200000ec                sensorData2
                0x00000000200000f4                sensorData1
 .bss           0x00000000200000fc       0x20 Src/main.o
                0x0000000020000118                rearCnt
 *(.bss*)
 *(COMMON)
 COMMON         0x000000002000011c        0x8 Drivers/STM32F4xx_HAL_Driver/Src/stm32f4xx_hal.o
                0x000000002000011c                AN
                0x0000000020000120                uwTick
 COMMON         0x0000000020000124       0x50 Src/can.o
                0x0000000020000124                hcan2
                0x000000002000014c                hcan1
 COMMON         0x0000000020000174        0x4 Src/main.o
                0x0000000020000174                AN_counter
 COMMON         0x0000000020000178       0xb0 Src/spi.o
                0x0000000020000178                hspi3
                0x00000000200001d0                hspi1
 COMMON         0x0000000020000228       0xf0 Src/tim.o
                0x0000000020000228                htim4
                0x0000000020000264                htim5
                0x00000000200002a0                htim2
                0x00000000200002dc                htim14
                0x0000000020000318                . = ALIGN (0x4)
                0x0000000020000318                _ebss = .
                0x0000000020000318                __bss_end__ = _ebss

._user_heap_stack
                0x0000000020000318      0x600 load address 0x0000000008003838
                0x0000000020000318                . = ALIGN (0x8)
                [!provide]                        PROVIDE (end = .)
                [!provide]                        PROVIDE (_end = .)
                0x0000000020000518                . = (. + _Min_Heap_Size)
 *fill*         0x0000000020000318      0x200 
                0x0000000020000918                . = (. + _Min_Stack_Size)
 *fill*         0x0000000020000518      0x400 
                0x0000000020000918                . = ALIGN (0x8)

/DISCARD/
 libc.a(*)
 libm.a(*)
 libgcc.a(*)

.ARM.attributes
                0x0000000000000000       0x30
 *(.ARM.attributes)
 .ARM.attributes
                0x0000000000000000       0x1e c:/st/stm32cubeide_1.6.1/stm32cubeide/plugins/com.st.stm32cube.ide.mcu.externaltools.gnu-tools-for-stm32.9-2020-q2-update.win32_1.5.0.202011040924/tools/bin/../lib/gcc/arm-none-eabi/9.3.1/thumb/v7e-m+fp/hard/crti.o
 .ARM.attributes
                0x000000000000001e       0x34 c:/st/stm32cubeide_1.6.1/stm32cubeide/plugins/com.st.stm32cube.ide.mcu.externaltools.gnu-tools-for-stm32.9-2020-q2-update.win32_1.5.0.202011040924/tools/bin/../lib/gcc/arm-none-eabi/9.3.1/thumb/v7e-m+fp/hard/crtbegin.o
 .ARM.attributes
                0x0000000000000052       0x34 Drivers/STM32F4xx_HAL_Driver/Src/stm32f4xx_hal.o
 .ARM.attributes
                0x0000000000000086       0x34 Drivers/STM32F4xx_HAL_Driver/Src/stm32f4xx_hal_can.o
 .ARM.attributes
                0x00000000000000ba       0x34 Drivers/STM32F4xx_HAL_Driver/Src/stm32f4xx_hal_cortex.o
 .ARM.attributes
                0x00000000000000ee       0x34 Drivers/STM32F4xx_HAL_Driver/Src/stm32f4xx_hal_gpio.o
 .ARM.attributes
                0x0000000000000122       0x34 Drivers/STM32F4xx_HAL_Driver/Src/stm32f4xx_hal_rcc.o
 .ARM.attributes
                0x0000000000000156       0x34 Drivers/STM32F4xx_HAL_Driver/Src/stm32f4xx_hal_rcc_ex.o
 .ARM.attributes
                0x000000000000018a       0x34 Drivers/STM32F4xx_HAL_Driver/Src/stm32f4xx_hal_spi.o
 .ARM.attributes
                0x00000000000001be       0x34 Drivers/STM32F4xx_HAL_Driver/Src/stm32f4xx_hal_tim.o
 .ARM.attributes
                0x00000000000001f2       0x34 Drivers/STM32F4xx_HAL_Driver/Src/stm32f4xx_hal_tim_ex.o
 .ARM.attributes
                0x0000000000000226       0x34 Src/can.o
 .ARM.attributes
                0x000000000000025a       0x34 Src/filter.o
 .ARM.attributes
                0x000000000000028e       0x34 Src/gpio.o
 .ARM.attributes
                0x00000000000002c2       0x34 Src/main.o
 .ARM.attributes
                0x00000000000002f6       0x34 Src/spi.o
 .ARM.attributes
                0x000000000000032a       0x34 Src/stm32f4xx_hal_msp.o
 .ARM.attributes
                0x000000000000035e       0x34 Src/stm32f4xx_it.o
 .ARM.attributes
                0x0000000000000392       0x34 Src/system_stm32f4xx.o
 .ARM.attributes
                0x00000000000003c6       0x34 Src/tim.o
 .ARM.attributes
                0x00000000000003fa       0x21 startup/startup_stm32f446xx.o
 .ARM.attributes
                0x000000000000041b       0x34 c:/st/stm32cubeide_1.6.1/stm32cubeide/plugins/com.st.stm32cube.ide.mcu.externaltools.gnu-tools-for-stm32.9-2020-q2-update.win32_1.5.0.202011040924/tools/bin/../lib/gcc/arm-none-eabi/9.3.1/../../../../arm-none-eabi/lib/thumb/v7e-m+fp/hard\libc_nano.a(lib_a-init.o)
 .ARM.attributes
                0x000000000000044f       0x1e c:/st/stm32cubeide_1.6.1/stm32cubeide/plugins/com.st.stm32cube.ide.mcu.externaltools.gnu-tools-for-stm32.9-2020-q2-update.win32_1.5.0.202011040924/tools/bin/../lib/gcc/arm-none-eabi/9.3.1/thumb/v7e-m+fp/hard\libgcc.a(_aeabi_uldivmod.o)
 .ARM.attributes
                0x000000000000046d       0x34 c:/st/stm32cubeide_1.6.1/stm32cubeide/plugins/com.st.stm32cube.ide.mcu.externaltools.gnu-tools-for-stm32.9-2020-q2-update.win32_1.5.0.202011040924/tools/bin/../lib/gcc/arm-none-eabi/9.3.1/thumb/v7e-m+fp/hard\libgcc.a(_udivmoddi4.o)
 .ARM.attributes
                0x00000000000004a1       0x1e c:/st/stm32cubeide_1.6.1/stm32cubeide/plugins/com.st.stm32cube.ide.mcu.externaltools.gnu-tools-for-stm32.9-2020-q2-update.win32_1.5.0.202011040924/tools/bin/../lib/gcc/arm-none-eabi/9.3.1/thumb/v7e-m+fp/hard\libgcc.a(_dvmd_tls.o)
 .ARM.attributes
                0x00000000000004bf       0x1e c:/st/stm32cubeide_1.6.1/stm32cubeide/plugins/com.st.stm32cube.ide.mcu.externaltools.gnu-tools-for-stm32.9-2020-q2-update.win32_1.5.0.202011040924/tools/bin/../lib/gcc/arm-none-eabi/9.3.1/thumb/v7e-m+fp/hard/crtn.o
OUTPUT(anacanV4.elf elf32-littlearm)
LOAD linker stubs
LOAD c:/st/stm32cubeide_1.6.1/stm32cubeide/plugins/com.st.stm32cube.ide.mcu.externaltools.gnu-tools-for-stm32.9-2020-q2-update.win32_1.5.0.202011040924/tools/bin/../lib/gcc/arm-none-eabi/9.3.1/../../../../arm-none-eabi/lib/thumb/v7e-m+fp/hard\libc.a
LOAD c:/st/stm32cubeide_1.6.1/stm32cubeide/plugins/com.st.stm32cube.ide.mcu.externaltools.gnu-tools-for-stm32.9-2020-q2-update.win32_1.5.0.202011040924/tools/bin/../lib/gcc/arm-none-eabi/9.3.1/../../../../arm-none-eabi/lib/thumb/v7e-m+fp/hard\libm.a
LOAD c:/st/stm32cubeide_1.6.1/stm32cubeide/plugins/com.st.stm32cube.ide.mcu.externaltools.gnu-tools-for-stm32.9-2020-q2-update.win32_1.5.0.202011040924/tools/bin/../lib/gcc/arm-none-eabi/9.3.1/thumb/v7e-m+fp/hard\libgcc.a

.debug_info     0x0000000000000000    0x1ca2d
 .debug_info    0x0000000000000000     0x13f2 Drivers/STM32F4xx_HAL_Driver/Src/stm32f4xx_hal.o
 .debug_info    0x00000000000013f2     0x1b33 Drivers/STM32F4xx_HAL_Driver/Src/stm32f4xx_hal_can.o
 .debug_info    0x0000000000002f25     0x1a75 Drivers/STM32F4xx_HAL_Driver/Src/stm32f4xx_hal_cortex.o
 .debug_info    0x000000000000499a     0x11d3 Drivers/STM32F4xx_HAL_Driver/Src/stm32f4xx_hal_gpio.o
 .debug_info    0x0000000000005b6d     0x14a3 Drivers/STM32F4xx_HAL_Driver/Src/stm32f4xx_hal_rcc.o
 .debug_info    0x0000000000007010     0x1672 Drivers/STM32F4xx_HAL_Driver/Src/stm32f4xx_hal_rcc_ex.o
 .debug_info    0x0000000000008682     0x2625 Drivers/STM32F4xx_HAL_Driver/Src/stm32f4xx_hal_spi.o
 .debug_info    0x000000000000aca7     0x3c2a Drivers/STM32F4xx_HAL_Driver/Src/stm32f4xx_hal_tim.o
 .debug_info    0x000000000000e8d1     0x1e11 Drivers/STM32F4xx_HAL_Driver/Src/stm32f4xx_hal_tim_ex.o
 .debug_info    0x00000000000106e2     0x1ce3 Src/can.o
 .debug_info    0x00000000000123c5      0x123 Src/filter.o
 .debug_info    0x00000000000124e8      0xf3c Src/gpio.o
 .debug_info    0x0000000000013424     0x27dc Src/main.o
 .debug_info    0x0000000000015c00     0x1d3e Src/spi.o
 .debug_info    0x000000000001793e     0x102b Src/stm32f4xx_hal_msp.o
 .debug_info    0x0000000000018969     0x1587 Src/stm32f4xx_it.o
 .debug_info    0x0000000000019ef0      0xf00 Src/system_stm32f4xx.o
 .debug_info    0x000000000001adf0     0x1c1b Src/tim.o
 .debug_info    0x000000000001ca0b       0x22 startup/startup_stm32f446xx.o

.debug_abbrev   0x0000000000000000     0x376c
 .debug_abbrev  0x0000000000000000      0x333 Drivers/STM32F4xx_HAL_Driver/Src/stm32f4xx_hal.o
 .debug_abbrev  0x0000000000000333      0x3ac Drivers/STM32F4xx_HAL_Driver/Src/stm32f4xx_hal_can.o
 .debug_abbrev  0x00000000000006df      0x46c Drivers/STM32F4xx_HAL_Driver/Src/stm32f4xx_hal_cortex.o
 .debug_abbrev  0x0000000000000b4b      0x2fb Drivers/STM32F4xx_HAL_Driver/Src/stm32f4xx_hal_gpio.o
 .debug_abbrev  0x0000000000000e46      0x38d Drivers/STM32F4xx_HAL_Driver/Src/stm32f4xx_hal_rcc.o
 .debug_abbrev  0x00000000000011d3      0x33f Drivers/STM32F4xx_HAL_Driver/Src/stm32f4xx_hal_rcc_ex.o
 .debug_abbrev  0x0000000000001512      0x345 Drivers/STM32F4xx_HAL_Driver/Src/stm32f4xx_hal_spi.o
 .debug_abbrev  0x0000000000001857      0x336 Drivers/STM32F4xx_HAL_Driver/Src/stm32f4xx_hal_tim.o
 .debug_abbrev  0x0000000000001b8d      0x336 Drivers/STM32F4xx_HAL_Driver/Src/stm32f4xx_hal_tim_ex.o
 .debug_abbrev  0x0000000000001ec3      0x338 Src/can.o
 .debug_abbrev  0x00000000000021fb       0xdc Src/filter.o
 .debug_abbrev  0x00000000000022d7      0x263 Src/gpio.o
 .debug_abbrev  0x000000000000253a      0x430 Src/main.o
 .debug_abbrev  0x000000000000296a      0x385 Src/spi.o
 .debug_abbrev  0x0000000000002cef      0x26c Src/stm32f4xx_hal_msp.o
 .debug_abbrev  0x0000000000002f5b      0x2bb Src/stm32f4xx_it.o
 .debug_abbrev  0x0000000000003216      0x24e Src/system_stm32f4xx.o
 .debug_abbrev  0x0000000000003464      0x2f6 Src/tim.o
 .debug_abbrev  0x000000000000375a       0x12 startup/startup_stm32f446xx.o

.debug_loc      0x0000000000000000     0x9c37
 .debug_loc     0x0000000000000000      0x12c Drivers/STM32F4xx_HAL_Driver/Src/stm32f4xx_hal.o
 .debug_loc     0x000000000000012c      0xc94 Drivers/STM32F4xx_HAL_Driver/Src/stm32f4xx_hal_can.o
 .debug_loc     0x0000000000000dc0      0x744 Drivers/STM32F4xx_HAL_Driver/Src/stm32f4xx_hal_cortex.o
 .debug_loc     0x0000000000001504      0x4f5 Drivers/STM32F4xx_HAL_Driver/Src/stm32f4xx_hal_gpio.o
 .debug_loc     0x00000000000019f9      0x540 Drivers/STM32F4xx_HAL_Driver/Src/stm32f4xx_hal_rcc.o
 .debug_loc     0x0000000000001f39      0xe8a Drivers/STM32F4xx_HAL_Driver/Src/stm32f4xx_hal_rcc_ex.o
 .debug_loc     0x0000000000002dc3     0x1cd8 Drivers/STM32F4xx_HAL_Driver/Src/stm32f4xx_hal_spi.o
 .debug_loc     0x0000000000004a9b     0x37a4 Drivers/STM32F4xx_HAL_Driver/Src/stm32f4xx_hal_tim.o
 .debug_loc     0x000000000000823f      0xf2d Drivers/STM32F4xx_HAL_Driver/Src/stm32f4xx_hal_tim_ex.o
 .debug_loc     0x000000000000916c      0x1d3 Src/can.o
 .debug_loc     0x000000000000933f       0x62 Src/filter.o
 .debug_loc     0x00000000000093a1       0xdd Src/main.o
 .debug_loc     0x000000000000947e      0x4f1 Src/spi.o
 .debug_loc     0x000000000000996f      0x16c Src/system_stm32f4xx.o
 .debug_loc     0x0000000000009adb      0x15c Src/tim.o

.debug_aranges  0x0000000000000000      0xd70
 .debug_aranges
                0x0000000000000000       0xe0 Drivers/STM32F4xx_HAL_Driver/Src/stm32f4xx_hal.o
 .debug_aranges
                0x00000000000000e0      0x138 Drivers/STM32F4xx_HAL_Driver/Src/stm32f4xx_hal_can.o
 .debug_aranges
                0x0000000000000218       0xa8 Drivers/STM32F4xx_HAL_Driver/Src/stm32f4xx_hal_cortex.o
 .debug_aranges
                0x00000000000002c0       0x58 Drivers/STM32F4xx_HAL_Driver/Src/stm32f4xx_hal_gpio.o
 .debug_aranges
                0x0000000000000318       0x88 Drivers/STM32F4xx_HAL_Driver/Src/stm32f4xx_hal_rcc.o
 .debug_aranges
                0x00000000000003a0       0x78 Drivers/STM32F4xx_HAL_Driver/Src/stm32f4xx_hal_rcc_ex.o
 .debug_aranges
                0x0000000000000418      0x1c8 Drivers/STM32F4xx_HAL_Driver/Src/stm32f4xx_hal_spi.o
 .debug_aranges
                0x00000000000005e0      0x368 Drivers/STM32F4xx_HAL_Driver/Src/stm32f4xx_hal_tim.o
 .debug_aranges
                0x0000000000000948      0x140 Drivers/STM32F4xx_HAL_Driver/Src/stm32f4xx_hal_tim_ex.o
 .debug_aranges
                0x0000000000000a88       0x50 Src/can.o
 .debug_aranges
                0x0000000000000ad8       0x28 Src/filter.o
 .debug_aranges
                0x0000000000000b00       0x20 Src/gpio.o
 .debug_aranges
                0x0000000000000b20       0x68 Src/main.o
 .debug_aranges
                0x0000000000000b88       0x88 Src/spi.o
 .debug_aranges
                0x0000000000000c10       0x20 Src/stm32f4xx_hal_msp.o
 .debug_aranges
                0x0000000000000c30       0x98 Src/stm32f4xx_it.o
 .debug_aranges
                0x0000000000000cc8       0x28 Src/system_stm32f4xx.o
 .debug_aranges
                0x0000000000000cf0       0x58 Src/tim.o
 .debug_aranges
                0x0000000000000d48       0x28 startup/startup_stm32f446xx.o

.debug_ranges   0x0000000000000000      0xcd8
 .debug_ranges  0x0000000000000000       0xd0 Drivers/STM32F4xx_HAL_Driver/Src/stm32f4xx_hal.o
 .debug_ranges  0x00000000000000d0      0x128 Drivers/STM32F4xx_HAL_Driver/Src/stm32f4xx_hal_can.o
 .debug_ranges  0x00000000000001f8       0xf8 Drivers/STM32F4xx_HAL_Driver/Src/stm32f4xx_hal_cortex.o
 .debug_ranges  0x00000000000002f0       0x48 Drivers/STM32F4xx_HAL_Driver/Src/stm32f4xx_hal_gpio.o
 .debug_ranges  0x0000000000000338       0x90 Drivers/STM32F4xx_HAL_Driver/Src/stm32f4xx_hal_rcc.o
 .debug_ranges  0x00000000000003c8       0x80 Drivers/STM32F4xx_HAL_Driver/Src/stm32f4xx_hal_rcc_ex.o
 .debug_ranges  0x0000000000000448      0x1b8 Drivers/STM32F4xx_HAL_Driver/Src/stm32f4xx_hal_spi.o
 .debug_ranges  0x0000000000000600      0x358 Drivers/STM32F4xx_HAL_Driver/Src/stm32f4xx_hal_tim.o
 .debug_ranges  0x0000000000000958      0x130 Drivers/STM32F4xx_HAL_Driver/Src/stm32f4xx_hal_tim_ex.o
 .debug_ranges  0x0000000000000a88       0x40 Src/can.o
 .debug_ranges  0x0000000000000ac8       0x18 Src/filter.o
 .debug_ranges  0x0000000000000ae0       0x10 Src/gpio.o
 .debug_ranges  0x0000000000000af0       0x58 Src/main.o
 .debug_ranges  0x0000000000000b48       0x78 Src/spi.o
 .debug_ranges  0x0000000000000bc0       0x10 Src/stm32f4xx_hal_msp.o
 .debug_ranges  0x0000000000000bd0       0x88 Src/stm32f4xx_it.o
 .debug_ranges  0x0000000000000c58       0x18 Src/system_stm32f4xx.o
 .debug_ranges  0x0000000000000c70       0x48 Src/tim.o
 .debug_ranges  0x0000000000000cb8       0x20 startup/startup_stm32f446xx.o

.debug_macro    0x0000000000000000    0x236b7
 .debug_macro   0x0000000000000000      0x3a8 Drivers/STM32F4xx_HAL_Driver/Src/stm32f4xx_hal.o
 .debug_macro   0x00000000000003a8      0xaae Drivers/STM32F4xx_HAL_Driver/Src/stm32f4xx_hal.o
 .debug_macro   0x0000000000000e56       0x22 Drivers/STM32F4xx_HAL_Driver/Src/stm32f4xx_hal.o
 .debug_macro   0x0000000000000e78       0x6a Drivers/STM32F4xx_HAL_Driver/Src/stm32f4xx_hal.o
 .debug_macro   0x0000000000000ee2      0x186 Drivers/STM32F4xx_HAL_Driver/Src/stm32f4xx_hal.o
 .debug_macro   0x0000000000001068       0x32 Drivers/STM32F4xx_HAL_Driver/Src/stm32f4xx_hal.o
 .debug_macro   0x000000000000109a       0x28 Drivers/STM32F4xx_HAL_Driver/Src/stm32f4xx_hal.o
 .debug_macro   0x00000000000010c2       0x22 Drivers/STM32F4xx_HAL_Driver/Src/stm32f4xx_hal.o
 .debug_macro   0x00000000000010e4       0x8e Drivers/STM32F4xx_HAL_Driver/Src/stm32f4xx_hal.o
 .debug_macro   0x0000000000001172       0x51 Drivers/STM32F4xx_HAL_Driver/Src/stm32f4xx_hal.o
 .debug_macro   0x00000000000011c3      0x103 Drivers/STM32F4xx_HAL_Driver/Src/stm32f4xx_hal.o
 .debug_macro   0x00000000000012c6       0x6a Drivers/STM32F4xx_HAL_Driver/Src/stm32f4xx_hal.o
 .debug_macro   0x0000000000001330      0x1df Drivers/STM32F4xx_HAL_Driver/Src/stm32f4xx_hal.o
 .debug_macro   0x000000000000150f       0x35 Drivers/STM32F4xx_HAL_Driver/Src/stm32f4xx_hal.o
 .debug_macro   0x0000000000001544       0x50 Drivers/STM32F4xx_HAL_Driver/Src/stm32f4xx_hal.o
 .debug_macro   0x0000000000001594      0xe66 Drivers/STM32F4xx_HAL_Driver/Src/stm32f4xx_hal.o
 .debug_macro   0x00000000000023fa    0x16607 Drivers/STM32F4xx_HAL_Driver/Src/stm32f4xx_hal.o
 .debug_macro   0x0000000000018a01       0x43 Drivers/STM32F4xx_HAL_Driver/Src/stm32f4xx_hal.o
 .debug_macro   0x0000000000018a44     0x3535 Drivers/STM32F4xx_HAL_Driver/Src/stm32f4xx_hal.o
 .debug_macro   0x000000000001bf79       0x52 Drivers/STM32F4xx_HAL_Driver/Src/stm32f4xx_hal.o
 .debug_macro   0x000000000001bfcb       0x18 Drivers/STM32F4xx_HAL_Driver/Src/stm32f4xx_hal.o
 .debug_macro   0x000000000001bfe3       0x3c Drivers/STM32F4xx_HAL_Driver/Src/stm32f4xx_hal.o
 .debug_macro   0x000000000001c01f       0x34 Drivers/STM32F4xx_HAL_Driver/Src/stm32f4xx_hal.o
 .debug_macro   0x000000000001c053       0x16 Drivers/STM32F4xx_HAL_Driver/Src/stm32f4xx_hal.o
 .debug_macro   0x000000000001c069       0x97 Drivers/STM32F4xx_HAL_Driver/Src/stm32f4xx_hal.o
 .debug_macro   0x000000000001c100      0x339 Drivers/STM32F4xx_HAL_Driver/Src/stm32f4xx_hal.o
 .debug_macro   0x000000000001c439       0xfd Drivers/STM32F4xx_HAL_Driver/Src/stm32f4xx_hal.o
 .debug_macro   0x000000000001c536       0x10 Drivers/STM32F4xx_HAL_Driver/Src/stm32f4xx_hal.o
 .debug_macro   0x000000000001c546       0x16 Drivers/STM32F4xx_HAL_Driver/Src/stm32f4xx_hal.o
 .debug_macro   0x000000000001c55c       0x43 Drivers/STM32F4xx_HAL_Driver/Src/stm32f4xx_hal.o
 .debug_macro   0x000000000001c59f       0x34 Drivers/STM32F4xx_HAL_Driver/Src/stm32f4xx_hal.o
 .debug_macro   0x000000000001c5d3       0x10 Drivers/STM32F4xx_HAL_Driver/Src/stm32f4xx_hal.o
 .debug_macro   0x000000000001c5e3       0x58 Drivers/STM32F4xx_HAL_Driver/Src/stm32f4xx_hal.o
 .debug_macro   0x000000000001c63b       0x71 Drivers/STM32F4xx_HAL_Driver/Src/stm32f4xx_hal.o
 .debug_macro   0x000000000001c6ac       0x1c Drivers/STM32F4xx_HAL_Driver/Src/stm32f4xx_hal.o
 .debug_macro   0x000000000001c6c8      0x12a Drivers/STM32F4xx_HAL_Driver/Src/stm32f4xx_hal.o
 .debug_macro   0x000000000001c7f2       0x10 Drivers/STM32F4xx_HAL_Driver/Src/stm32f4xx_hal.o
 .debug_macro   0x000000000001c802       0x1c Drivers/STM32F4xx_HAL_Driver/Src/stm32f4xx_hal.o
 .debug_macro   0x000000000001c81e       0x52 Drivers/STM32F4xx_HAL_Driver/Src/stm32f4xx_hal.o
 .debug_macro   0x000000000001c870       0x22 Drivers/STM32F4xx_HAL_Driver/Src/stm32f4xx_hal.o
 .debug_macro   0x000000000001c892       0x10 Drivers/STM32F4xx_HAL_Driver/Src/stm32f4xx_hal.o
 .debug_macro   0x000000000001c8a2       0x40 Drivers/STM32F4xx_HAL_Driver/Src/stm32f4xx_hal.o
 .debug_macro   0x000000000001c8e2       0xd5 Drivers/STM32F4xx_HAL_Driver/Src/stm32f4xx_hal.o
 .debug_macro   0x000000000001c9b7       0x1c Drivers/STM32F4xx_HAL_Driver/Src/stm32f4xx_hal.o
 .debug_macro   0x000000000001c9d3       0x3d Drivers/STM32F4xx_HAL_Driver/Src/stm32f4xx_hal.o
 .debug_macro   0x000000000001ca10       0x16 Drivers/STM32F4xx_HAL_Driver/Src/stm32f4xx_hal.o
 .debug_macro   0x000000000001ca26      0x145 Drivers/STM32F4xx_HAL_Driver/Src/stm32f4xx_hal.o
 .debug_macro   0x000000000001cb6b       0x50 Drivers/STM32F4xx_HAL_Driver/Src/stm32f4xx_hal.o
 .debug_macro   0x000000000001cbbb      0xc90 Drivers/STM32F4xx_HAL_Driver/Src/stm32f4xx_hal.o
 .debug_macro   0x000000000001d84b      0xa02 Drivers/STM32F4xx_HAL_Driver/Src/stm32f4xx_hal.o
 .debug_macro   0x000000000001e24d      0x11e Drivers/STM32F4xx_HAL_Driver/Src/stm32f4xx_hal.o
 .debug_macro   0x000000000001e36b      0x1a0 Drivers/STM32F4xx_HAL_Driver/Src/stm32f4xx_hal.o
 .debug_macro   0x000000000001e50b       0x27 Drivers/STM32F4xx_HAL_Driver/Src/stm32f4xx_hal.o
 .debug_macro   0x000000000001e532      0x287 Drivers/STM32F4xx_HAL_Driver/Src/stm32f4xx_hal.o
 .debug_macro   0x000000000001e7b9       0x5f Drivers/STM32F4xx_HAL_Driver/Src/stm32f4xx_hal.o
 .debug_macro   0x000000000001e818      0x23a Drivers/STM32F4xx_HAL_Driver/Src/stm32f4xx_hal.o
 .debug_macro   0x000000000001ea52      0x3f3 Drivers/STM32F4xx_HAL_Driver/Src/stm32f4xx_hal.o
 .debug_macro   0x000000000001ee45      0x13a Drivers/STM32F4xx_HAL_Driver/Src/stm32f4xx_hal.o
 .debug_macro   0x000000000001ef7f      0x29c Drivers/STM32F4xx_HAL_Driver/Src/stm32f4xx_hal.o
 .debug_macro   0x000000000001f21b       0x2e Drivers/STM32F4xx_HAL_Driver/Src/stm32f4xx_hal.o
 .debug_macro   0x000000000001f249      0x11e Drivers/STM32F4xx_HAL_Driver/Src/stm32f4xx_hal.o
 .debug_macro   0x000000000001f367       0xe8 Drivers/STM32F4xx_HAL_Driver/Src/stm32f4xx_hal.o
 .debug_macro   0x000000000001f44f       0x89 Drivers/STM32F4xx_HAL_Driver/Src/stm32f4xx_hal.o
 .debug_macro   0x000000000001f4d8      0x202 Drivers/STM32F4xx_HAL_Driver/Src/stm32f4xx_hal.o
 .debug_macro   0x000000000001f6da      0x6e0 Drivers/STM32F4xx_HAL_Driver/Src/stm32f4xx_hal.o
 .debug_macro   0x000000000001fdba       0x60 Drivers/STM32F4xx_HAL_Driver/Src/stm32f4xx_hal.o
 .debug_macro   0x000000000001fe1a      0x14d Drivers/STM32F4xx_HAL_Driver/Src/stm32f4xx_hal.o
 .debug_macro   0x000000000001ff67      0x12d Drivers/STM32F4xx_HAL_Driver/Src/stm32f4xx_hal.o
 .debug_macro   0x0000000000020094      0x350 Drivers/STM32F4xx_HAL_Driver/Src/stm32f4xx_hal_can.o
 .debug_macro   0x00000000000203e4      0x348 Drivers/STM32F4xx_HAL_Driver/Src/stm32f4xx_hal_cortex.o
 .debug_macro   0x000000000002072c      0x380 Drivers/STM32F4xx_HAL_Driver/Src/stm32f4xx_hal_gpio.o
 .debug_macro   0x0000000000020aac      0x36c Drivers/STM32F4xx_HAL_Driver/Src/stm32f4xx_hal_rcc.o
 .debug_macro   0x0000000000020e18      0x348 Drivers/STM32F4xx_HAL_Driver/Src/stm32f4xx_hal_rcc_ex.o
 .debug_macro   0x0000000000021160      0x350 Drivers/STM32F4xx_HAL_Driver/Src/stm32f4xx_hal_spi.o
 .debug_macro   0x00000000000214b0      0x348 Drivers/STM32F4xx_HAL_Driver/Src/stm32f4xx_hal_tim.o
 .debug_macro   0x00000000000217f8      0x348 Drivers/STM32F4xx_HAL_Driver/Src/stm32f4xx_hal_tim_ex.o
 .debug_macro   0x0000000000021b40      0x35c Src/can.o
 .debug_macro   0x0000000000021e9c       0x1b Src/filter.o
 .debug_macro   0x0000000000021eb7      0x352 Src/gpio.o
 .debug_macro   0x0000000000022209      0x37e Src/main.o
 .debug_macro   0x0000000000022587      0x3b6 Src/spi.o
 .debug_macro   0x000000000002293d      0x348 Src/stm32f4xx_hal_msp.o
 .debug_macro   0x0000000000022c85      0x352 Src/stm32f4xx_it.o
 .debug_macro   0x0000000000022fd7      0x34e Src/system_stm32f4xx.o
 .debug_macro   0x0000000000023325      0x392 Src/tim.o

.debug_line     0x0000000000000000    0x13dd6
 .debug_line    0x0000000000000000      0xbe9 Drivers/STM32F4xx_HAL_Driver/Src/stm32f4xx_hal.o
 .debug_line    0x0000000000000be9     0x17ec Drivers/STM32F4xx_HAL_Driver/Src/stm32f4xx_hal_can.o
 .debug_line    0x00000000000023d5      0xdef Drivers/STM32F4xx_HAL_Driver/Src/stm32f4xx_hal_cortex.o
 .debug_line    0x00000000000031c4      0xdad Drivers/STM32F4xx_HAL_Driver/Src/stm32f4xx_hal_gpio.o
 .debug_line    0x0000000000003f71     0x115a Drivers/STM32F4xx_HAL_Driver/Src/stm32f4xx_hal_rcc.o
 .debug_line    0x00000000000050cb     0x19cf Drivers/STM32F4xx_HAL_Driver/Src/stm32f4xx_hal_rcc_ex.o
 .debug_line    0x0000000000006a9a     0x2829 Drivers/STM32F4xx_HAL_Driver/Src/stm32f4xx_hal_spi.o
 .debug_line    0x00000000000092c3     0x37b1 Drivers/STM32F4xx_HAL_Driver/Src/stm32f4xx_hal_tim.o
 .debug_line    0x000000000000ca74     0x1709 Drivers/STM32F4xx_HAL_Driver/Src/stm32f4xx_hal_tim_ex.o
 .debug_line    0x000000000000e17d      0xd8c Src/can.o
 .debug_line    0x000000000000ef09       0xbe Src/filter.o
 .debug_line    0x000000000000efc7      0x937 Src/gpio.o
 .debug_line    0x000000000000f8fe      0xca4 Src/main.o
 .debug_line    0x00000000000105a2      0xf0f Src/spi.o
 .debug_line    0x00000000000114b1      0x8b6 Src/stm32f4xx_hal_msp.o
 .debug_line    0x0000000000011d67      0xa40 Src/stm32f4xx_it.o
 .debug_line    0x00000000000127a7      0x9a4 Src/system_stm32f4xx.o
 .debug_line    0x000000000001314b      0xc0c Src/tim.o
 .debug_line    0x0000000000013d57       0x7f startup/startup_stm32f446xx.o

.debug_str      0x0000000000000000    0xcbd54
 .debug_str     0x0000000000000000    0xc810f Drivers/STM32F4xx_HAL_Driver/Src/stm32f4xx_hal.o
                                      0xc853c (size before relaxing)
 .debug_str     0x00000000000c810f      0x7b3 Drivers/STM32F4xx_HAL_Driver/Src/stm32f4xx_hal_can.o
                                      0xc806f (size before relaxing)
 .debug_str     0x00000000000c88c2      0x3ae Drivers/STM32F4xx_HAL_Driver/Src/stm32f4xx_hal_cortex.o
                                      0xc8259 (size before relaxing)
 .debug_str     0x00000000000c8c70      0x292 Drivers/STM32F4xx_HAL_Driver/Src/stm32f4xx_hal_gpio.o
                                      0xc7bd0 (size before relaxing)
 .debug_str     0x00000000000c8f02      0x389 Drivers/STM32F4xx_HAL_Driver/Src/stm32f4xx_hal_rcc.o
                                      0xc7d9f (size before relaxing)
 .debug_str     0x00000000000c928b      0x324 Drivers/STM32F4xx_HAL_Driver/Src/stm32f4xx_hal_rcc_ex.o
                                      0xc7dee (size before relaxing)
 .debug_str     0x00000000000c95af      0x8f4 Drivers/STM32F4xx_HAL_Driver/Src/stm32f4xx_hal_spi.o
                                      0xc8191 (size before relaxing)
 .debug_str     0x00000000000c9ea3      0xe82 Drivers/STM32F4xx_HAL_Driver/Src/stm32f4xx_hal_tim.o
                                      0xc89b3 (size before relaxing)
 .debug_str     0x00000000000cad25      0x4f4 Drivers/STM32F4xx_HAL_Driver/Src/stm32f4xx_hal_tim_ex.o
                                      0xc8273 (size before relaxing)
 .debug_str     0x00000000000cb219      0x160 Src/can.o
                                      0xc83e5 (size before relaxing)
 .debug_str     0x00000000000cb379       0x65 Src/filter.o
                                       0x2e3c (size before relaxing)
 .debug_str     0x00000000000cb3de       0x1b Src/gpio.o
                                      0xc79b6 (size before relaxing)
 .debug_str     0x00000000000cb3f9      0x2e6 Src/main.o
                                      0xc8c9c (size before relaxing)
 .debug_str     0x00000000000cb6df      0x33b Src/spi.o
                                      0xc8232 (size before relaxing)
 .debug_str     0x00000000000cba1a       0x1b Src/stm32f4xx_hal_msp.o
                                      0xc7e5c (size before relaxing)
 .debug_str     0x00000000000cba35      0x138 Src/stm32f4xx_it.o
                                      0xc7fc5 (size before relaxing)
 .debug_str     0x00000000000cbb6d       0x5a Src/system_stm32f4xx.o
                                      0xc798c (size before relaxing)
 .debug_str     0x00000000000cbbc7      0x15e Src/tim.o
                                      0xc8691 (size before relaxing)
 .debug_str     0x00000000000cbd25       0x2f startup/startup_stm32f446xx.o
                                         0x6a (size before relaxing)

.comment        0x0000000000000000       0x53
 .comment       0x0000000000000000       0x53 Drivers/STM32F4xx_HAL_Driver/Src/stm32f4xx_hal.o
                                         0x54 (size before relaxing)
 .comment       0x0000000000000053       0x54 Drivers/STM32F4xx_HAL_Driver/Src/stm32f4xx_hal_can.o
 .comment       0x0000000000000053       0x54 Drivers/STM32F4xx_HAL_Driver/Src/stm32f4xx_hal_cortex.o
 .comment       0x0000000000000053       0x54 Drivers/STM32F4xx_HAL_Driver/Src/stm32f4xx_hal_gpio.o
 .comment       0x0000000000000053       0x54 Drivers/STM32F4xx_HAL_Driver/Src/stm32f4xx_hal_rcc.o
 .comment       0x0000000000000053       0x54 Drivers/STM32F4xx_HAL_Driver/Src/stm32f4xx_hal_rcc_ex.o
 .comment       0x0000000000000053       0x54 Drivers/STM32F4xx_HAL_Driver/Src/stm32f4xx_hal_spi.o
 .comment       0x0000000000000053       0x54 Drivers/STM32F4xx_HAL_Driver/Src/stm32f4xx_hal_tim.o
 .comment       0x0000000000000053       0x54 Drivers/STM32F4xx_HAL_Driver/Src/stm32f4xx_hal_tim_ex.o
 .comment       0x0000000000000053       0x54 Src/can.o
 .comment       0x0000000000000053       0x54 Src/filter.o
 .comment       0x0000000000000053       0x54 Src/gpio.o
 .comment       0x0000000000000053       0x54 Src/main.o
 .comment       0x0000000000000053       0x54 Src/spi.o
 .comment       0x0000000000000053       0x54 Src/stm32f4xx_hal_msp.o
 .comment       0x0000000000000053       0x54 Src/stm32f4xx_it.o
 .comment       0x0000000000000053       0x54 Src/system_stm32f4xx.o
 .comment       0x0000000000000053       0x54 Src/tim.o

.debug_frame    0x0000000000000000     0x23a8
 .debug_frame   0x0000000000000000      0x1cc Drivers/STM32F4xx_HAL_Driver/Src/stm32f4xx_hal.o
 .debug_frame   0x00000000000001cc      0x2e4 Drivers/STM32F4xx_HAL_Driver/Src/stm32f4xx_hal_can.o
 .debug_frame   0x00000000000004b0      0x15c Drivers/STM32F4xx_HAL_Driver/Src/stm32f4xx_hal_cortex.o
 .debug_frame   0x000000000000060c       0xd8 Drivers/STM32F4xx_HAL_Driver/Src/stm32f4xx_hal_gpio.o
 .debug_frame   0x00000000000006e4      0x174 Drivers/STM32F4xx_HAL_Driver/Src/stm32f4xx_hal_rcc.o
 .debug_frame   0x0000000000000858      0x144 Drivers/STM32F4xx_HAL_Driver/Src/stm32f4xx_hal_rcc_ex.o
 .debug_frame   0x000000000000099c      0x55c Drivers/STM32F4xx_HAL_Driver/Src/stm32f4xx_hal_spi.o
 .debug_frame   0x0000000000000ef8      0x9cc Drivers/STM32F4xx_HAL_Driver/Src/stm32f4xx_hal_tim.o
 .debug_frame   0x00000000000018c4      0x384 Drivers/STM32F4xx_HAL_Driver/Src/stm32f4xx_hal_tim_ex.o
 .debug_frame   0x0000000000001c48       0xe4 Src/can.o
 .debug_frame   0x0000000000001d2c       0x30 Src/filter.o
 .debug_frame   0x0000000000001d5c       0x38 Src/gpio.o
 .debug_frame   0x0000000000001d94      0x118 Src/main.o
 .debug_frame   0x0000000000001eac      0x1c4 Src/spi.o
 .debug_frame   0x0000000000002070       0x30 Src/stm32f4xx_hal_msp.o
 .debug_frame   0x00000000000020a0      0x150 Src/stm32f4xx_it.o
 .debug_frame   0x00000000000021f0       0x30 Src/system_stm32f4xx.o
 .debug_frame   0x0000000000002220       0xfc Src/tim.o
 .debug_frame   0x000000000000231c       0x2c c:/st/stm32cubeide_1.6.1/stm32cubeide/plugins/com.st.stm32cube.ide.mcu.externaltools.gnu-tools-for-stm32.9-2020-q2-update.win32_1.5.0.202011040924/tools/bin/../lib/gcc/arm-none-eabi/9.3.1/../../../../arm-none-eabi/lib/thumb/v7e-m+fp/hard\libc_nano.a(lib_a-init.o)
 .debug_frame   0x0000000000002348       0x2c c:/st/stm32cubeide_1.6.1/stm32cubeide/plugins/com.st.stm32cube.ide.mcu.externaltools.gnu-tools-for-stm32.9-2020-q2-update.win32_1.5.0.202011040924/tools/bin/../lib/gcc/arm-none-eabi/9.3.1/thumb/v7e-m+fp/hard\libgcc.a(_aeabi_uldivmod.o)
 .debug_frame   0x0000000000002374       0x34 c:/st/stm32cubeide_1.6.1/stm32cubeide/plugins/com.st.stm32cube.ide.mcu.externaltools.gnu-tools-for-stm32.9-2020-q2-update.win32_1.5.0.202011040924/tools/bin/../lib/gcc/arm-none-eabi/9.3.1/thumb/v7e-m+fp/hard\libgcc.a(_udivmoddi4.o)
